scubiee : This may take a few minutes. Downloading and installing the Scubiee engine.
At C:\Users\usman\AppData\Local\Temp\ps-script-c055d605-b1a0-4a85-9b6d-adfe8725011d.ps1:125 char:1
+ scubiee setup --repair 2>&1 | Out-File -Encoding utf8 setup-repair2.l ...
+ ~~~~~~~~~~~~~~~~~~~~~~~~~~~
    + CategoryInfo          : NotSpecified: (This may take a...Scubiee engine.:String) [], RemoteException
    + FullyQualifiedErrorId : NativeCommandError
 
[ΓûæΓûæΓûæΓûæΓûæΓûæΓûæΓûæΓûæΓûæΓûæΓûæΓûæΓûæΓûæΓûæΓûæΓûæΓûæΓûæΓûæΓûæΓûæΓûæΓûæΓûæΓûæΓûæ]   0%  Starting
[ΓûêΓûæΓûæΓûæΓûæΓûæΓûæΓûæΓûæΓûæΓûæΓûæΓûæΓûæΓûæΓûæΓûæΓûæΓûæΓûæΓûæΓûæΓûæΓûæΓûæΓûæΓûæΓûæ]   4%  Checking engine modules
[ΓûêΓûêΓûêΓûæΓûæΓûæΓûæΓûæΓûæΓûæΓûæΓûæΓûæΓûæΓûæΓûæΓûæΓûæΓûæΓûæΓûæΓûæΓûæΓûæΓûæΓûæΓûæΓûæ]  10%  Detecting hardware
[ΓûêΓûêΓûêΓûêΓûæΓûæΓûæΓûæΓûæΓûæΓûæΓûæΓûæΓûæΓûæΓûæΓûæΓûæΓûæΓûæΓûæΓûæΓûæΓûæΓûæΓûæΓûæΓûæ]  16%  Using dml profile
[ΓûêΓûêΓûêΓûêΓûêΓûêΓûêΓûêΓûêΓûêΓûêΓûêΓûêΓûêΓûêΓûæΓûæΓûæΓûæΓûæΓûæΓûæΓûæΓûæΓûæΓûæΓûæΓûæ]  55%  GPU/CPU engine already 
installed
[ΓûêΓûêΓûêΓûêΓûêΓûêΓûêΓûêΓûêΓûêΓûêΓûêΓûêΓûêΓûêΓûæΓûæΓûæΓûæΓûæΓûæΓûæΓûæΓûæΓûæΓûæΓûæΓûæ]  55%  Embedding runtime already 
installed
[ΓûêΓûêΓûêΓûêΓûêΓûêΓûêΓûêΓûêΓûêΓûêΓûêΓûêΓûêΓûêΓûêΓûæΓûæΓûæΓûæΓûæΓûæΓûæΓûæΓûæΓûæΓûæΓûæ]  56%  Downloading embedding 
model
[ΓûêΓûêΓûêΓûêΓûêΓûêΓûêΓûêΓûêΓûêΓûêΓûêΓûêΓûêΓûêΓûêΓûæΓûæΓûæΓûæΓûæΓûæΓûæΓûæΓûæΓûæΓûæΓûæ]  58%  Downloading modelΓÇª
[ΓûêΓûêΓûêΓûêΓûêΓûêΓûêΓûêΓûêΓûêΓûêΓûêΓûêΓûêΓûêΓûêΓûêΓûæΓûæΓûæΓûæΓûæΓûæΓûæΓûæΓûæΓûæΓûæ]  59%  Downloading modelΓÇª (2s)
[ΓûêΓûêΓûêΓûêΓûêΓûêΓûêΓûêΓûêΓûêΓûêΓûêΓûêΓûêΓûêΓûêΓûêΓûæΓûæΓûæΓûæΓûæΓûæΓûæΓûæΓûæΓûæΓûæ]  60%  Downloading modelΓÇª (4s)
[ΓûêΓûêΓûêΓûêΓûêΓûêΓûêΓûêΓûêΓûêΓûêΓûêΓûêΓûêΓûêΓûêΓûêΓûæΓûæΓûæΓûæΓûæΓûæΓûæΓûæΓûæΓûæΓûæ]  61%  Downloading modelΓÇª (6s)
[ΓûêΓûêΓûêΓûêΓûêΓûêΓûêΓûêΓûêΓûêΓûêΓûêΓûêΓûêΓûêΓûêΓûêΓûæΓûæΓûæΓûæΓûæΓûæΓûæΓûæΓûæΓûæΓûæ]  62%  Downloading modelΓÇª (8s)
[ΓûêΓûêΓûêΓûêΓûêΓûêΓûêΓûêΓûêΓûêΓûêΓûêΓûêΓûêΓûêΓûêΓûêΓûêΓûæΓûæΓûæΓûæΓûæΓûæΓûæΓûæΓûæΓûæ]  63%  Downloading modelΓÇª (10s)
[ΓûêΓûêΓûêΓûêΓûêΓûêΓûêΓûêΓûêΓûêΓûêΓûêΓûêΓûêΓûêΓûêΓûêΓûêΓûæΓûæΓûæΓûæΓûæΓûæΓûæΓûæΓûæΓûæ]  63%  Downloading modelΓÇª (12s)
[ΓûêΓûêΓûêΓûêΓûêΓûêΓûêΓûêΓûêΓûêΓûêΓûêΓûêΓûêΓûêΓûêΓûêΓûêΓûæΓûæΓûæΓûæΓûæΓûæΓûæΓûæΓûæΓûæ]  63%  Downloading modelΓÇª (14s)
[ΓûêΓûêΓûêΓûêΓûêΓûêΓûêΓûêΓûêΓûêΓûêΓûêΓûêΓûêΓûêΓûêΓûêΓûêΓûæΓûæΓûæΓûæΓûæΓûæΓûæΓûæΓûæΓûæ]  63%  Downloading modelΓÇª (16s)
[ΓûêΓûêΓûêΓûêΓûêΓûêΓûêΓûêΓûêΓûêΓûêΓûêΓûêΓûêΓûêΓûêΓûêΓûêΓûæΓûæΓûæΓûæΓûæΓûæΓûæΓûæΓûæΓûæ]  63%  Downloading modelΓÇª (18s)
[ΓûêΓûêΓûêΓûêΓûêΓûêΓûêΓûêΓûêΓûêΓûêΓûêΓûêΓûêΓûêΓûêΓûêΓûêΓûæΓûæΓûæΓûæΓûæΓûæΓûæΓûæΓûæΓûæ]  63%  Downloading modelΓÇª (20s)
[ΓûêΓûêΓûêΓûêΓûêΓûêΓûêΓûêΓûêΓûêΓûêΓûêΓûêΓûêΓûêΓûêΓûêΓûêΓûæΓûæΓûæΓûæΓûæΓûæΓûæΓûæΓûæΓûæ]  63%  Downloading modelΓÇª (22s)
[ΓûêΓûêΓûêΓûêΓûêΓûêΓûêΓûêΓûêΓûêΓûêΓûêΓûêΓûêΓûêΓûêΓûêΓûêΓûæΓûæΓûæΓûæΓûæΓûæΓûæΓûæΓûæΓûæ]  63%  Downloading modelΓÇª (24s)
[ΓûêΓûêΓûêΓûêΓûêΓûêΓûêΓûêΓûêΓûêΓûêΓûêΓûêΓûêΓûêΓûêΓûêΓûêΓûæΓûæΓûæΓûæΓûæΓûæΓûæΓûæΓûæΓûæ]  63%  Downloading modelΓÇª (26s)
[ΓûêΓûêΓûêΓûêΓûêΓûêΓûêΓûêΓûêΓûêΓûêΓûêΓûêΓûêΓûêΓûêΓûêΓûêΓûæΓûæΓûæΓûæΓûæΓûæΓûæΓûæΓûæΓûæ]  63%  Downloading modelΓÇª (28s)
[ΓûêΓûêΓûêΓûêΓûêΓûêΓûêΓûêΓûêΓûêΓûêΓûêΓûêΓûêΓûêΓûêΓûêΓûêΓûæΓûæΓûæΓûæΓûæΓûæΓûæΓûæΓûæΓûæ]  63%  Downloading modelΓÇª (30s)
[ΓûêΓûêΓûêΓûêΓûêΓûêΓûêΓûêΓûêΓûêΓûêΓûêΓûêΓûêΓûêΓûêΓûêΓûêΓûæΓûæΓûæΓûæΓûæΓûæΓûæΓûæΓûæΓûæ]  63%  Downloading modelΓÇª (32s)
[ΓûêΓûêΓûêΓûêΓûêΓûêΓûêΓûêΓûêΓûêΓûêΓûêΓûêΓûêΓûêΓûêΓûêΓûêΓûæΓûæΓûæΓûæΓûæΓûæΓûæΓûæΓûæΓûæ]  63%  Downloading modelΓÇª (34s)
[ΓûêΓûêΓûêΓûêΓûêΓûêΓûêΓûêΓûêΓûêΓûêΓûêΓûêΓûêΓûêΓûêΓûêΓûêΓûæΓûæΓûæΓûæΓûæΓûæΓûæΓûæΓûæΓûæ]  63%  Downloading modelΓÇª (36s)
[ΓûêΓûêΓûêΓûêΓûêΓûêΓûêΓûêΓûêΓûêΓûêΓûêΓûêΓûêΓûêΓûêΓûêΓûêΓûæΓûæΓûæΓûæΓûæΓûæΓûæΓûæΓûæΓûæ]  63%  Downloading modelΓÇª (38s)
[ΓûêΓûêΓûêΓûêΓûêΓûêΓûêΓûêΓûêΓûêΓûêΓûêΓûêΓûêΓûêΓûêΓûêΓûêΓûæΓûæΓûæΓûæΓûæΓûæΓûæΓûæΓûæΓûæ]  63%  Downloading modelΓÇª (40s)
[ΓûêΓûêΓûêΓûêΓûêΓûêΓûêΓûêΓûêΓûêΓûêΓûêΓûêΓûêΓûêΓûêΓûêΓûêΓûæΓûæΓûæΓûæΓûæΓûæΓûæΓûæΓûæΓûæ]  63%  Downloading modelΓÇª (42s)
[ΓûêΓûêΓûêΓûêΓûêΓûêΓûêΓûêΓûêΓûêΓûêΓûêΓûêΓûêΓûêΓûêΓûêΓûêΓûæΓûæΓûæΓûæΓûæΓûæΓûæΓûæΓûæΓûæ]  63%  Downloading modelΓÇª (44s)
[ΓûêΓûêΓûêΓûêΓûêΓûêΓûêΓûêΓûêΓûêΓûêΓûêΓûêΓûêΓûêΓûêΓûêΓûêΓûæΓûæΓûæΓûæΓûæΓûæΓûæΓûæΓûæΓûæ]  63%  Downloading modelΓÇª (46s)
[ΓûêΓûêΓûêΓûêΓûêΓûêΓûêΓûêΓûêΓûêΓûêΓûêΓûêΓûêΓûêΓûêΓûêΓûêΓûæΓûæΓûæΓûæΓûæΓûæΓûæΓûæΓûæΓûæ]  63%  Downloading modelΓÇª (48s)
[ΓûêΓûêΓûêΓûêΓûêΓûêΓûêΓûêΓûêΓûêΓûêΓûêΓûêΓûêΓûêΓûêΓûêΓûêΓûæΓûæΓûæΓûæΓûæΓûæΓûæΓûæΓûæΓûæ]  63%  Downloading modelΓÇª (50s)
[ΓûêΓûêΓûêΓûêΓûêΓûêΓûêΓûêΓûêΓûêΓûêΓûêΓûêΓûêΓûêΓûêΓûêΓûêΓûæΓûæΓûæΓûæΓûæΓûæΓûæΓûæΓûæΓûæ]  63%  Downloading modelΓÇª (52s)
[ΓûêΓûêΓûêΓûêΓûêΓûêΓûêΓûêΓûêΓûêΓûêΓûêΓûêΓûêΓûêΓûêΓûêΓûêΓûæΓûæΓûæΓûæΓûæΓûæΓûæΓûæΓûæΓûæ]  63%  Downloading modelΓÇª (54s)
[ΓûêΓûêΓûêΓûêΓûêΓûêΓûêΓûêΓûêΓûêΓûêΓûêΓûêΓûêΓûêΓûêΓûêΓûêΓûæΓûæΓûæΓûæΓûæΓûæΓûæΓûæΓûæΓûæ]  63%  Downloading modelΓÇª (56s)
[ΓûêΓûêΓûêΓûêΓûêΓûêΓûêΓûêΓûêΓûêΓûêΓûêΓûêΓûêΓûêΓûêΓûêΓûêΓûæΓûæΓûæΓûæΓûæΓûæΓûæΓûæΓûæΓûæ]  63%  Downloading modelΓÇª (58s)
[ΓûêΓûêΓûêΓûêΓûêΓûêΓûêΓûêΓûêΓûêΓûêΓûêΓûêΓûêΓûêΓûêΓûêΓûêΓûæΓûæΓûæΓûæΓûæΓûæΓûæΓûæΓûæΓûæ]  63%  Downloading modelΓÇª (60s)
[ΓûêΓûêΓûêΓûêΓûêΓûêΓûêΓûêΓûêΓûêΓûêΓûêΓûêΓûêΓûêΓûêΓûêΓûêΓûæΓûæΓûæΓûæΓûæΓûæΓûæΓûæΓûæΓûæ]  63%  Downloading modelΓÇª (62s)
[ΓûêΓûêΓûêΓûêΓûêΓûêΓûêΓûêΓûêΓûêΓûêΓûêΓûêΓûêΓûêΓûêΓûêΓûêΓûæΓûæΓûæΓûæΓûæΓûæΓûæΓûæΓûæΓûæ]  63%  Downloading modelΓÇª (64s)
[ΓûêΓûêΓûêΓûêΓûêΓûêΓûêΓûêΓûêΓûêΓûêΓûêΓûêΓûêΓûêΓûêΓûêΓûêΓûæΓûæΓûæΓûæΓûæΓûæΓûæΓûæΓûæΓûæ]  63%  Downloading modelΓÇª (66s)
[ΓûêΓûêΓûêΓûêΓûêΓûêΓûêΓûêΓûêΓûêΓûêΓûêΓûêΓûêΓûêΓûêΓûêΓûêΓûæΓûæΓûæΓûæΓûæΓûæΓûæΓûæΓûæΓûæ]  63%  Downloading modelΓÇª (68s)
[ΓûêΓûêΓûêΓûêΓûêΓûêΓûêΓûêΓûêΓûêΓûêΓûêΓûêΓûêΓûêΓûêΓûêΓûêΓûæΓûæΓûæΓûæΓûæΓûæΓûæΓûæΓûæΓûæ]  63%  Downloading modelΓÇª (70s)
[ΓûêΓûêΓûêΓûêΓûêΓûêΓûêΓûêΓûêΓûêΓûêΓûêΓûêΓûêΓûêΓûêΓûêΓûêΓûæΓûæΓûæΓûæΓûæΓûæΓûæΓûæΓûæΓûæ]  63%  Downloading modelΓÇª (72s)
[ΓûêΓûêΓûêΓûêΓûêΓûêΓûêΓûêΓûêΓûêΓûêΓûêΓûêΓûêΓûêΓûêΓûêΓûêΓûæΓûæΓûæΓûæΓûæΓûæΓûæΓûæΓûæΓûæ]  63%  Downloading modelΓÇª (74s)
[ΓûêΓûêΓûêΓûêΓûêΓûêΓûêΓûêΓûêΓûêΓûêΓûêΓûêΓûêΓûêΓûêΓûêΓûêΓûæΓûæΓûæΓûæΓûæΓûæΓûæΓûæΓûæΓûæ]  63%  Downloading modelΓÇª (76s)
[ΓûêΓûêΓûêΓûêΓûêΓûêΓûêΓûêΓûêΓûêΓûêΓûêΓûêΓûêΓûêΓûêΓûêΓûêΓûæΓûæΓûæΓûæΓûæΓûæΓûæΓûæΓûæΓûæ]  63%  Downloading modelΓÇª (78s)
[ΓûêΓûêΓûêΓûêΓûêΓûêΓûêΓûêΓûêΓûêΓûêΓûêΓûêΓûêΓûêΓûêΓûêΓûêΓûæΓûæΓûæΓûæΓûæΓûæΓûæΓûæΓûæΓûæ]  63%  Downloading modelΓÇª (80s)
[ΓûêΓûêΓûêΓûêΓûêΓûêΓûêΓûêΓûêΓûêΓûêΓûêΓûêΓûêΓûêΓûêΓûêΓûêΓûæΓûæΓûæΓûæΓûæΓûæΓûæΓûæΓûæΓûæ]  63%  Downloading modelΓÇª (82s)
[ΓûêΓûêΓûêΓûêΓûêΓûêΓûêΓûêΓûêΓûêΓûêΓûêΓûêΓûêΓûêΓûêΓûêΓûêΓûæΓûæΓûæΓûæΓûæΓûæΓûæΓûæΓûæΓûæ]  63%  Downloading modelΓÇª (84s)
[ΓûêΓûêΓûêΓûêΓûêΓûêΓûêΓûêΓûêΓûêΓûêΓûêΓûêΓûêΓûêΓûêΓûêΓûêΓûæΓûæΓûæΓûæΓûæΓûæΓûæΓûæΓûæΓûæ]  63%  Downloading modelΓÇª (86s)
[ΓûêΓûêΓûêΓûêΓûêΓûêΓûêΓûêΓûêΓûêΓûêΓûêΓûêΓûêΓûêΓûêΓûêΓûêΓûæΓûæΓûæΓûæΓûæΓûæΓûæΓûæΓûæΓûæ]  63%  Downloading modelΓÇª (88s)
[ΓûêΓûêΓûêΓûêΓûêΓûêΓûêΓûêΓûêΓûêΓûêΓûêΓûêΓûêΓûêΓûêΓûêΓûêΓûæΓûæΓûæΓûæΓûæΓûæΓûæΓûæΓûæΓûæ]  63%  Downloading modelΓÇª (90s)
[ΓûêΓûêΓûêΓûêΓûêΓûêΓûêΓûêΓûêΓûêΓûêΓûêΓûêΓûêΓûêΓûêΓûêΓûêΓûæΓûæΓûæΓûæΓûæΓûæΓûæΓûæΓûæΓûæ]  63%  Downloading modelΓÇª (92s)
[ΓûêΓûêΓûêΓûêΓûêΓûêΓûêΓûêΓûêΓûêΓûêΓûêΓûêΓûêΓûêΓûêΓûêΓûêΓûæΓûæΓûæΓûæΓûæΓûæΓûæΓûæΓûæΓûæ]  63%  Downloading modelΓÇª (94s)
[ΓûêΓûêΓûêΓûêΓûêΓûêΓûêΓûêΓûêΓûêΓûêΓûêΓûêΓûêΓûêΓûêΓûêΓûêΓûæΓûæΓûæΓûæΓûæΓûæΓûæΓûæΓûæΓûæ]  63%  Downloading modelΓÇª (96s)
[ΓûêΓûêΓûêΓûêΓûêΓûêΓûêΓûêΓûêΓûêΓûêΓûêΓûêΓûêΓûêΓûêΓûêΓûêΓûæΓûæΓûæΓûæΓûæΓûæΓûæΓûæΓûæΓûæ]  63%  Downloading modelΓÇª (98s)
[ΓûêΓûêΓûêΓûêΓûêΓûêΓûêΓûêΓûêΓûêΓûêΓûêΓûêΓûêΓûêΓûêΓûêΓûêΓûæΓûæΓûæΓûæΓûæΓûæΓûæΓûæΓûæΓûæ]  63%  Downloading modelΓÇª 
(100s)
[ΓûêΓûêΓûêΓûêΓûêΓûêΓûêΓûêΓûêΓûêΓûêΓûêΓûêΓûêΓûêΓûêΓûêΓûêΓûæΓûæΓûæΓûæΓûæΓûæΓûæΓûæΓûæΓûæ]  63%  Downloading modelΓÇª 
(102s)
[ΓûêΓûêΓûêΓûêΓûêΓûêΓûêΓûêΓûêΓûêΓûêΓûêΓûêΓûêΓûêΓûêΓûêΓûêΓûæΓûæΓûæΓûæΓûæΓûæΓûæΓûæΓûæΓûæ]  63%  Downloading modelΓÇª 
(104s)
[ΓûêΓûêΓûêΓûêΓûêΓûêΓûêΓûêΓûêΓûêΓûêΓûêΓûêΓûêΓûêΓûêΓûêΓûêΓûæΓûæΓûæΓûæΓûæΓûæΓûæΓûæΓûæΓûæ]  63%  Downloading modelΓÇª 
(106s)
[ΓûêΓûêΓûêΓûêΓûêΓûêΓûêΓûêΓûêΓûêΓûêΓûêΓûêΓûêΓûêΓûêΓûêΓûêΓûæΓûæΓûæΓûæΓûæΓûæΓûæΓûæΓûæΓûæ]  63%  Downloading modelΓÇª 
(108s)
[ΓûêΓûêΓûêΓûêΓûêΓûêΓûêΓûêΓûêΓûêΓûêΓûêΓûêΓûêΓûêΓûêΓûêΓûêΓûæΓûæΓûæΓûæΓûæΓûæΓûæΓûæΓûæΓûæ]  63%  Downloading modelΓÇª 
(110s)
[ΓûêΓûêΓûêΓûêΓûêΓûêΓûêΓûêΓûêΓûêΓûêΓûêΓûêΓûêΓûêΓûêΓûêΓûêΓûæΓûæΓûæΓûæΓûæΓûæΓûæΓûæΓûæΓûæ]  63%  Downloading modelΓÇª 
(112s)
[ΓûêΓûêΓûêΓûêΓûêΓûêΓûêΓûêΓûêΓûêΓûêΓûêΓûêΓûêΓûêΓûêΓûêΓûêΓûæΓûæΓûæΓûæΓûæΓûæΓûæΓûæΓûæΓûæ]  63%  Downloading modelΓÇª 
(114s)
[ΓûêΓûêΓûêΓûêΓûêΓûêΓûêΓûêΓûêΓûêΓûêΓûêΓûêΓûêΓûêΓûêΓûêΓûêΓûæΓûæΓûæΓûæΓûæΓûæΓûæΓûæΓûæΓûæ]  63%  Downloading modelΓÇª 
(116s)
[ΓûêΓûêΓûêΓûêΓûêΓûêΓûêΓûêΓûêΓûêΓûêΓûêΓûêΓûêΓûêΓûêΓûêΓûêΓûæΓûæΓûæΓûæΓûæΓûæΓûæΓûæΓûæΓûæ]  63%  Downloading modelΓÇª 
(118s)
[ΓûêΓûêΓûêΓûêΓûêΓûêΓûêΓûêΓûêΓûêΓûêΓûêΓûêΓûêΓûêΓûêΓûêΓûêΓûæΓûæΓûæΓûæΓûæΓûæΓûæΓûæΓûæΓûæ]  63%  Downloading modelΓÇª 
(120s)
[ΓûêΓûêΓûêΓûêΓûêΓûêΓûêΓûêΓûêΓûêΓûêΓûêΓûêΓûêΓûêΓûêΓûêΓûêΓûæΓûæΓûæΓûæΓûæΓûæΓûæΓûæΓûæΓûæ]  63%  Downloading modelΓÇª 
(122s)
[ΓûêΓûêΓûêΓûêΓûêΓûêΓûêΓûêΓûêΓûêΓûêΓûêΓûêΓûêΓûêΓûêΓûêΓûêΓûæΓûæΓûæΓûæΓûæΓûæΓûæΓûæΓûæΓûæ]  63%  Downloading modelΓÇª 
(124s)
[ΓûêΓûêΓûêΓûêΓûêΓûêΓûêΓûêΓûêΓûêΓûêΓûêΓûêΓûêΓûêΓûêΓûêΓûêΓûæΓûæΓûæΓûæΓûæΓûæΓûæΓûæΓûæΓûæ]  63%  Downloading modelΓÇª 
(126s)
[ΓûêΓûêΓûêΓûêΓûêΓûêΓûêΓûêΓûêΓûêΓûêΓûêΓûêΓûêΓûêΓûêΓûêΓûêΓûæΓûæΓûæΓûæΓûæΓûæΓûæΓûæΓûæΓûæ]  63%  Downloading modelΓÇª 
(128s)
[ΓûêΓûêΓûêΓûêΓûêΓûêΓûêΓûêΓûêΓûêΓûêΓûêΓûêΓûêΓûêΓûêΓûêΓûêΓûæΓûæΓûæΓûæΓûæΓûæΓûæΓûæΓûæΓûæ]  63%  Downloading modelΓÇª 
(130s)
[ΓûêΓûêΓûêΓûêΓûêΓûêΓûêΓûêΓûêΓûêΓûêΓûêΓûêΓûêΓûêΓûêΓûêΓûêΓûæΓûæΓûæΓûæΓûæΓûæΓûæΓûæΓûæΓûæ]  63%  Downloading modelΓÇª 
(132s)
[ΓûêΓûêΓûêΓûêΓûêΓûêΓûêΓûêΓûêΓûêΓûêΓûêΓûêΓûêΓûêΓûêΓûêΓûêΓûæΓûæΓûæΓûæΓûæΓûæΓûæΓûæΓûæΓûæ]  63%  Downloading modelΓÇª 
(134s)
[ΓûêΓûêΓûêΓûêΓûêΓûêΓûêΓûêΓûêΓûêΓûêΓûêΓûêΓûêΓûêΓûêΓûêΓûêΓûæΓûæΓûæΓûæΓûæΓûæΓûæΓûæΓûæΓûæ]  63%  Downloading modelΓÇª 
(136s)
[ΓûêΓûêΓûêΓûêΓûêΓûêΓûêΓûêΓûêΓûêΓûêΓûêΓûêΓûêΓûêΓûêΓûêΓûêΓûæΓûæΓûæΓûæΓûæΓûæΓûæΓûæΓûæΓûæ]  63%  Downloading modelΓÇª 
(138s)
[ΓûêΓûêΓûêΓûêΓûêΓûêΓûêΓûêΓûêΓûêΓûêΓûêΓûêΓûêΓûêΓûêΓûêΓûêΓûæΓûæΓûæΓûæΓûæΓûæΓûæΓûæΓûæΓûæ]  63%  Downloading modelΓÇª 
(140s)
[ΓûêΓûêΓûêΓûêΓûêΓûêΓûêΓûêΓûêΓûêΓûêΓûêΓûêΓûêΓûêΓûêΓûêΓûêΓûæΓûæΓûæΓûæΓûæΓûæΓûæΓûæΓûæΓûæ]  63%  Downloading modelΓÇª 
(142s)
[ΓûêΓûêΓûêΓûêΓûêΓûêΓûêΓûêΓûêΓûêΓûêΓûêΓûêΓûêΓûêΓûêΓûêΓûêΓûæΓûæΓûæΓûæΓûæΓûæΓûæΓûæΓûæΓûæ]  63%  Downloading modelΓÇª 
(144s)
[ΓûêΓûêΓûêΓûêΓûêΓûêΓûêΓûêΓûêΓûêΓûêΓûêΓûêΓûêΓûêΓûêΓûêΓûêΓûæΓûæΓûæΓûæΓûæΓûæΓûæΓûæΓûæΓûæ]  63%  Downloading modelΓÇª 
(146s)
[ΓûêΓûêΓûêΓûêΓûêΓûêΓûêΓûêΓûêΓûêΓûêΓûêΓûêΓûêΓûêΓûêΓûêΓûêΓûæΓûæΓûæΓûæΓûæΓûæΓûæΓûæΓûæΓûæ]  63%  Downloading modelΓÇª 
(148s)
[ΓûêΓûêΓûêΓûêΓûêΓûêΓûêΓûêΓûêΓûêΓûêΓûêΓûêΓûêΓûêΓûêΓûêΓûêΓûæΓûæΓûæΓûæΓûæΓûæΓûæΓûæΓûæΓûæ]  63%  Downloading modelΓÇª 
(150s)
[ΓûêΓûêΓûêΓûêΓûêΓûêΓûêΓûêΓûêΓûêΓûêΓûêΓûêΓûêΓûêΓûêΓûêΓûêΓûæΓûæΓûæΓûæΓûæΓûæΓûæΓûæΓûæΓûæ]  63%  Downloading modelΓÇª 
(152s)
[ΓûêΓûêΓûêΓûêΓûêΓûêΓûêΓûêΓûêΓûêΓûêΓûêΓûêΓûêΓûêΓûêΓûêΓûêΓûæΓûæΓûæΓûæΓûæΓûæΓûæΓûæΓûæΓûæ]  63%  Downloading modelΓÇª 
(154s)
[ΓûêΓûêΓûêΓûêΓûêΓûêΓûêΓûêΓûêΓûêΓûêΓûêΓûêΓûêΓûêΓûêΓûêΓûêΓûæΓûæΓûæΓûæΓûæΓûæΓûæΓûæΓûæΓûæ]  63%  Downloading modelΓÇª 
(156s)
[ΓûêΓûêΓûêΓûêΓûêΓûêΓûêΓûêΓûêΓûêΓûêΓûêΓûêΓûêΓûêΓûêΓûêΓûêΓûæΓûæΓûæΓûæΓûæΓûæΓûæΓûæΓûæΓûæ]  63%  Downloading modelΓÇª 
(158s)
[ΓûêΓûêΓûêΓûêΓûêΓûêΓûêΓûêΓûêΓûêΓûêΓûêΓûêΓûêΓûêΓûêΓûêΓûêΓûæΓûæΓûæΓûæΓûæΓûæΓûæΓûæΓûæΓûæ]  63%  Downloading modelΓÇª 
(160s)
[ΓûêΓûêΓûêΓûêΓûêΓûêΓûêΓûêΓûêΓûêΓûêΓûêΓûêΓûêΓûêΓûêΓûêΓûêΓûæΓûæΓûæΓûæΓûæΓûæΓûæΓûæΓûæΓûæ]  63%  Downloading modelΓÇª 
(162s)
[ΓûêΓûêΓûêΓûêΓûêΓûêΓûêΓûêΓûêΓûêΓûêΓûêΓûêΓûêΓûêΓûêΓûêΓûêΓûæΓûæΓûæΓûæΓûæΓûæΓûæΓûæΓûæΓûæ]  63%  Downloading modelΓÇª 
(164s)
[ΓûêΓûêΓûêΓûêΓûêΓûêΓûêΓûêΓûêΓûêΓûêΓûêΓûêΓûêΓûêΓûêΓûêΓûêΓûæΓûæΓûæΓûæΓûæΓûæΓûæΓûæΓûæΓûæ]  63%  Downloading modelΓÇª 
(166s)
[ΓûêΓûêΓûêΓûêΓûêΓûêΓûêΓûêΓûêΓûêΓûêΓûêΓûêΓûêΓûêΓûêΓûêΓûêΓûæΓûæΓûæΓûæΓûæΓûæΓûæΓûæΓûæΓûæ]  63%  Downloading modelΓÇª 
(168s)
[ΓûêΓûêΓûêΓûêΓûêΓûêΓûêΓûêΓûêΓûêΓûêΓûêΓûêΓûêΓûêΓûêΓûêΓûêΓûæΓûæΓûæΓûæΓûæΓûæΓûæΓûæΓûæΓûæ]  63%  Downloading modelΓÇª 
(170s)
[ΓûêΓûêΓûêΓûêΓûêΓûêΓûêΓûêΓûêΓûêΓûêΓûêΓûêΓûêΓûêΓûêΓûêΓûêΓûæΓûæΓûæΓûæΓûæΓûæΓûæΓûæΓûæΓûæ]  63%  Downloading modelΓÇª 
(172s)
[ΓûêΓûêΓûêΓûêΓûêΓûêΓûêΓûêΓûêΓûêΓûêΓûêΓûêΓûêΓûêΓûêΓûêΓûêΓûæΓûæΓûæΓûæΓûæΓûæΓûæΓûæΓûæΓûæ]  64%  Converting to FP16ΓÇª
[ΓûêΓûêΓûêΓûêΓûêΓûêΓûêΓûêΓûêΓûêΓûêΓûêΓûêΓûêΓûêΓûêΓûêΓûêΓûêΓûêΓûæΓûæΓûæΓûæΓûæΓûæΓûæΓûæ]  70%  Step 3/3: FP16 model ready
[ΓûêΓûêΓûêΓûêΓûêΓûêΓûêΓûêΓûêΓûêΓûêΓûêΓûêΓûêΓûêΓûêΓûêΓûêΓûêΓûêΓûæΓûæΓûæΓûæΓûæΓûæΓûæΓûæ]  72%  Warming up embedding 
model on accelerator
[ΓûêΓûêΓûêΓûêΓûêΓûêΓûêΓûêΓûêΓûêΓûêΓûêΓûêΓûêΓûêΓûêΓûêΓûêΓûêΓûêΓûêΓûêΓûêΓûêΓûæΓûæΓûæΓûæ]  85%  Embedding model ready
[ΓûêΓûêΓûêΓûêΓûêΓûêΓûêΓûêΓûêΓûêΓûêΓûêΓûêΓûêΓûêΓûêΓûêΓûêΓûêΓûêΓûêΓûêΓûêΓûêΓûæΓûæΓûæΓûæ]  86%  Calibrating speed
[accel] calibrate batch=16 ΓåÆ 2.42 t/s
[accel] calibrate batch=20 ΓåÆ 2.36 t/s
[accel] calibrate batch=8 ΓåÆ 2.54 t/s
[ΓûêΓûêΓûêΓûêΓûêΓûêΓûêΓûêΓûêΓûêΓûêΓûêΓûêΓûêΓûêΓûêΓûêΓûêΓûêΓûêΓûêΓûêΓûêΓûêΓûæΓûæΓûæΓûæ]  87%  GPU path failed ΓÇö 
switching to CPU
[accel] calibrate batch=16 ΓåÆ 2.41 t/s
[ΓûêΓûêΓûêΓûêΓûêΓûêΓûêΓûêΓûêΓûêΓûêΓûêΓûêΓûêΓûêΓûêΓûêΓûêΓûêΓûêΓûêΓûêΓûêΓûêΓûêΓûêΓûæΓûæ]  92%  Saving machine profile
[ΓûêΓûêΓûêΓûêΓûêΓûêΓûêΓûêΓûêΓûêΓûêΓûêΓûêΓûêΓûêΓûêΓûêΓûêΓûêΓûêΓûêΓûêΓûêΓûêΓûêΓûêΓûæΓûæ]  94%  Registering logon 
supervisor
[ΓûêΓûêΓûêΓûêΓûêΓûêΓûêΓûêΓûêΓûêΓûêΓûêΓûêΓûêΓûêΓûêΓûêΓûêΓûêΓûêΓûêΓûêΓûêΓûêΓûêΓûêΓûêΓûê] 100%  Setup finished on CPU 
(~2.4 t/s), not DML. Run: scubiee setup --repair
*************** EP Error ***************
EP Error E:\_work\1\s\onnxruntime\core\providers\dml\dml_provider_factory.cc(520)\onnxruntime_pybind11_state.pyd!00007FFE2671711D: (caller: 00007FFE26716ED0) Exception(1) tid(bb4) C0262002 Specified display adapter handle is invalid.

 when using [('DmlExecutionProvider', {'device_id': 1}), 'CPUExecutionProvider']
Falling back to ['CPUExecutionProvider'] and retrying.
****************************************
*************** EP Error ***************
EP Error E:\_work\1\s\onnxruntime\core\providers\dml\dml_provider_factory.cc(520)\onnxruntime_pybind11_state.pyd!00007FFE2671711D: (caller: 00007FFE26716ED0) Exception(2) tid(3100) C0262002 Specified display adapter handle is invalid.

 when using [('DmlExecutionProvider', {'device_id': 1}), 'CPUExecutionProvider']
Falling back to ['CPUExecutionProvider'] and retrying.
****************************************
*************** EP Error ***************
EP Error E:\_work\1\s\onnxruntime\core\providers\dml\dml_provider_factory.cc(520)\onnxruntime_pybind11_state.pyd!00007FFE2671711D: (caller: 00007FFE26716ED0) Exception(3) tid(3cc8) C0262002 Specified display adapter handle is invalid.

 when using [('DmlExecutionProvider', {'device_id': 1}), 'CPUExecutionProvider']
Falling back to ['CPUExecutionProvider'] and retrying.
****************************************
